current directory: /Users/mo/reactnative/Regards/vendor/bundle/ruby/3.3.0/gems/json-2.10.1/ext/json/ext/parser
/Users/mo/.rbenv/versions/3.3.3/bin/ruby extconf.rb
checking for rb_enc_interned_str() in ruby.h... yes
checking for rb_hash_new_capa() in ruby.h... yes
checking for rb_hash_bulk_insert() in ruby.h... yes
checking for rb_category_warn() in ruby.h... yes
checking for strnlen() in string.h... yes
checking for whether -std=c99 is accepted as CFLAGS... yes
creating Makefile

current directory: /Users/mo/reactnative/Regards/vendor/bundle/ruby/3.3.0/gems/json-2.10.1/ext/json/ext/parser
make DESTDIR\= sitearchdir\=./.gem.20250219-22979-enk3eh sitelibdir\=./.gem.20250219-22979-enk3eh clean

current directory: /Users/mo/reactnative/Regards/vendor/bundle/ruby/3.3.0/gems/json-2.10.1/ext/json/ext/parser
make DESTDIR\= sitearchdir\=./.gem.20250219-22979-enk3eh sitelibdir\=./.gem.20250219-22979-enk3eh
compiling parser.c
linking shared-object json/ext/parser.bundle

current directory: /Users/mo/reactnative/Regards/vendor/bundle/ruby/3.3.0/gems/json-2.10.1/ext/json/ext/parser
make DESTDIR\= sitearchdir\=./.gem.20250219-22979-enk3eh sitelibdir\=./.gem.20250219-22979-enk3eh install
/usr/local/bin/ginstall -c -m 0755 parser.bundle ./.gem.20250219-22979-enk3eh/json/ext

current directory: /Users/mo/reactnative/Regards/vendor/bundle/ruby/3.3.0/gems/json-2.10.1/ext/json/ext/parser
make DESTDIR\= sitearchdir\=./.gem.20250219-22979-enk3eh sitelibdir\=./.gem.20250219-22979-enk3eh clean
